// Jest Snapshot v1, https://goo.gl/fbAQLP

exports[`should return the expected result 1`] = `
Array [
  Object {
    "name": "Optimistic",
    "values": Array [
      Object {
        "className": "discovery",
        "end": "2020-01-13T00:00:00.000Z",
        "start": "2020-01-11T00:00:00.000Z",
        "value": "0.17%",
      },
      Object {
        "className": "lead_selection",
        "end": "2020-02-07T00:00:00.000Z",
        "start": "2020-01-13T00:00:00.000Z",
        "value": "2.13%",
      },
      Object {
        "className": "clinical_batch",
        "end": "2020-03-04T00:00:00.000Z",
        "start": "2020-02-07T00:00:00.000Z",
        "value": "2.21%",
      },
      Object {
        "className": "ind",
        "end": "2020-03-16T00:00:00.000Z",
        "start": "2020-03-04T00:00:00.000Z",
        "value": "1.02%",
      },
      Object {
        "className": "phase_1",
        "end": "2020-05-09T20:47:50.756Z",
        "start": "2020-03-16T00:00:00.000Z",
        "value": "4.6%",
      },
      Object {
        "className": "phase_1",
        "end": "2020-05-30T01:00:00.000Z",
        "start": "2020-03-16T00:00:00.000Z",
        "value": "6.39%",
      },
      Object {
        "className": "phase_2",
        "end": "2020-10-27T00:00:00.000Z",
        "start": "2020-05-30T01:00:00.000Z",
        "value": "12.78%",
      },
      Object {
        "className": "phase_3",
        "end": "2021-06-24T01:00:00.000Z",
        "start": "2020-10-27T00:00:00.000Z",
        "value": "20.44%",
      },
      Object {
        "className": "nda",
        "end": "2021-07-15T01:00:00.000Z",
        "start": "2021-06-24T01:00:00.000Z",
        "value": "1.79%",
      },
      Object {
        "className": "on_market",
        "end": "2021-08-14T01:00:00.000Z",
        "start": "2021-07-15T01:00:00.000Z",
        "value": "2.56%",
      },
    ],
  },
  Object {
    "name": "Pesimistic",
    "values": Array [
      Object {
        "className": "discovery",
        "end": "2020-01-13T00:00:00.000Z",
        "start": "2020-01-11T00:00:00.000Z",
        "value": "0.17%",
      },
      Object {
        "className": "lead_selection",
        "end": "2020-02-07T00:00:00.000Z",
        "start": "2020-01-13T00:00:00.000Z",
        "value": "2.13%",
      },
      Object {
        "className": "clinical_batch",
        "end": "2020-03-04T00:00:00.000Z",
        "start": "2020-02-07T00:00:00.000Z",
        "value": "2.21%",
      },
      Object {
        "className": "ind",
        "end": "2020-03-16T00:00:00.000Z",
        "start": "2020-03-04T00:00:00.000Z",
        "value": "1.02%",
      },
      Object {
        "className": "phase_1",
        "end": "2020-05-09T20:47:50.756Z",
        "start": "2020-03-16T00:00:00.000Z",
        "value": "4.6%",
      },
      Object {
        "className": "phase_1",
        "end": "2020-09-12T00:00:00.000Z",
        "start": "2020-03-16T00:00:00.000Z",
        "value": "15.33%",
      },
      Object {
        "className": "phase_2",
        "end": "2021-06-09T01:00:00.000Z",
        "start": "2020-09-12T00:00:00.000Z",
        "value": "23%",
      },
      Object {
        "className": "phase_3",
        "end": "2022-06-09T01:00:00.000Z",
        "start": "2021-06-09T01:00:00.000Z",
        "value": "31.09%",
      },
      Object {
        "className": "nda",
        "end": "2022-08-08T01:00:00.000Z",
        "start": "2022-06-09T01:00:00.000Z",
        "value": "5.11%",
      },
      Object {
        "className": "on_market",
        "end": "2023-02-04T00:00:00.000Z",
        "start": "2022-08-08T01:00:00.000Z",
        "value": "15.33%",
      },
    ],
  },
  Object {
    "name": "Actual",
    "values": Array [
      Object {
        "className": "discovery",
        "end": "2020-01-13T00:00:00.000Z",
        "start": "2020-01-11T00:00:00.000Z",
        "value": "0.17%",
      },
      Object {
        "className": "lead_selection",
        "end": "2020-02-07T00:00:00.000Z",
        "start": "2020-01-13T00:00:00.000Z",
        "value": "2.13%",
      },
      Object {
        "className": "clinical_batch",
        "end": "2020-03-04T00:00:00.000Z",
        "start": "2020-02-07T00:00:00.000Z",
        "value": "2.21%",
      },
      Object {
        "className": "ind",
        "end": "2020-03-16T00:00:00.000Z",
        "start": "2020-03-04T00:00:00.000Z",
        "value": "1.02%",
      },
      Object {
        "className": "phase_1",
        "end": "2020-05-09T20:47:50.756Z",
        "start": "2020-03-16T00:00:00.000Z",
        "value": "4.6%",
      },
    ],
  },
]
`;
